2026-07-04 21:09:25,013 [INFO] === スキャン開始 ===
2026-07-04 21:09:25,013 [INFO] Yahoo API リクエスト (試行 1/3)
2026-07-04 21:09:26,066 [INFO] 取得件数: 50
2026-07-04 21:09:26,067 [INFO] フィルタ後: 50 件
2026-07-04 21:09:29,550 [INFO] Selenium (headless Chrome) 起動成功
2026-07-04 21:09:29,550 [INFO] [01] メルカリ検索: KE-NON
2026-07-04 21:09:34,882 [INFO] [02] メルカリ検索: 【1kg 12,800円/ 選べる1~3
2026-07-04 21:10:04,881 [WARNING] メルカリ価格取得0件: 【1kg 12,800円/ 選べる1~3
2026-07-04 21:10:07,391 [INFO]   → メルカリ取得失敗、スキップ: 【1kg 12,800円/ 選べる1~3kg】特大タラバガニ
2026-07-04 21:10:07,392 [INFO] [03] メルカリ検索: 99907309
2026-07-04 21:10:37,428 [WARNING] メルカリ価格取得0件: 99907309
2026-07-04 21:10:39,939 [INFO]   → メルカリ取得失敗、スキップ: 5日+5% 羽毛布団 シングル ロング 掛け布団 洗える 冬
2026-07-04 21:10:39,940 [INFO] [04] メルカリ検索: 08880-14103
2026-07-04 21:10:44,209 [INFO] [05] メルカリ検索: PS202X PS203X
2026-07-04 21:10:48,377 [INFO] [06] メルカリ検索: RIVER 768WH
2026-07-04 21:10:52,807 [INFO] [07] メルカリ検索: 30KG
2026-07-04 21:10:57,258 [INFO] [08] メルカリ検索: 30KG
2026-07-04 21:11:01,665 [INFO] [09] メルカリ検索: 99907316
2026-07-04 21:11:31,671 [WARNING] メルカリ価格取得0件: 99907316
2026-07-04 21:11:34,175 [INFO]   → メルカリ取得失敗、スキップ: 5日+5% 羽毛布団 シングル ロング 洗える 掛け布団 冬
2026-07-04 21:11:34,176 [INFO] [10] メルカリ検索: TRUE SLEEPER
2026-07-04 21:11:38,454 [INFO] [11] メルカリ検索: 10KG 30KG
2026-07-04 21:11:42,985 [INFO] [12] メルカリ検索: MAX16KM
2026-07-04 21:11:47,212 [INFO] [13] メルカリ検索: JANOME JN508DX-2B
2026-07-04 21:11:51,621 [INFO] [14] メルカリ検索: 20KG
2026-07-04 21:11:55,951 [INFO] [15] メルカリ検索: 700C CL266
2026-07-04 21:12:00,160 [INFO] [16] メルカリ検索: CORONA CD-P63A3
2026-07-04 21:12:04,444 [INFO] [17] メルカリ検索: DYSON V12S
2026-07-04 21:12:08,720 [INFO] [18] メルカリ検索: MICROSOFT OFFICE
2026-07-04 21:12:13,022 [INFO] [19] メルカリ検索: WINDOWS11 OFFICE
2026-07-04 21:12:17,429 [INFO] [20] メルカリ検索: DUNLOP FORT
2026-07-04 21:12:21,797 [INFO] [21] メルカリ検索: 30KG
2026-07-04 21:12:26,228 [INFO] [22] メルカリ検索: カニ 5kg かに ズワイガニ ボイル
2026-07-04 21:12:30,620 [INFO] [23] メルカリ検索: WINDOWS11 SSD512GB
2026-07-04 21:12:34,881 [INFO] [24] メルカリ検索: 30KG
2026-07-04 21:12:39,255 [INFO] [25] メルカリ検索: MAX14KM BARWING
2026-07-04 21:13:09,076 [WARNING] メルカリ価格取得0件: MAX14KM BARWING
2026-07-04 21:13:11,587 [INFO]   → メルカリ取得失敗、スキップ: ★期間限定価格 7/6まで★ 電動 ルームランナーMAX14
2026-07-04 21:13:11,587 [INFO] [26] メルカリ検索: 300KG
2026-07-04 21:13:16,048 [INFO] [27] メルカリ検索: CA-10SU
2026-07-04 21:13:20,928 [INFO] [28] メルカリ検索: PLUS
2026-07-04 21:13:25,775 [INFO] [29] メルカリ検索: 700C 700C
2026-07-04 21:13:30,232 [INFO] [30] メルカリ検索: BEYOND JUNIOR
2026-07-04 21:13:35,254 [INFO] [31] メルカリ検索: 341-01318 PORTER
2026-07-04 21:13:39,496 [INFO] [32] メルカリ検索: TRANSCEND TS2TSJ25M3S
2026-07-04 21:13:43,736 [INFO] [33] メルカリ検索: 10KG 30KG
2026-07-04 21:13:48,482 [INFO] [34] メルカリ検索: 0066
2026-07-04 21:13:52,839 [INFO] [35] メルカリ検索: SCS-T260 TOSHIBA
2026-07-04 21:13:57,217 [INFO] [36] メルカリ検索: OFFICE2024 WINDOWS11
2026-07-04 21:14:01,565 [INFO] [37] メルカリ検索: DUNLOP FORT
2026-07-04 21:14:06,384 [INFO] [38] メルカリ検索: 17CM
2026-07-04 21:14:11,230 [INFO] [39] メルカリ検索: TAKMO 5W-30
2026-07-04 21:14:15,408 [INFO] [40] メルカリ検索: ECOFLOW DELTA
2026-07-04 21:14:20,047 [INFO] [41] メルカリ検索: WIN11 DELL
2026-07-04 21:14:24,438 [INFO] [42] メルカリ検索: 10KM
2026-07-04 21:14:29,365 [INFO] [43] メルカリ検索: SKD246
2026-07-04 21:14:59,336 [WARNING] メルカリ価格取得0件: SKD246
2026-07-04 21:15:01,847 [INFO]   → メルカリ取得失敗、スキップ: 子供用自転車 24インチ 男子 男の子 マウンテンバイク 小
2026-07-04 21:15:01,847 [INFO] [44] メルカリ検索: 除湿機 コンプレッサー アイリスオーヤマ
2026-07-04 21:15:06,252 [INFO] [45] メルカリ検索: 30KG 27KG
2026-07-04 21:15:10,764 [INFO] [46] メルカリ検索: ソファー 3人掛け 洗える カバーリング
2026-07-04 21:15:15,380 [INFO] [47] メルカリ検索: 90500001
2026-07-04 21:15:45,407 [WARNING] メルカリ価格取得0件: 90500001
2026-07-04 21:15:47,917 [INFO]   → メルカリ取得失敗、スキップ: 5日+5% ソファー 3人掛け おしゃれ ソファ 北欧 カウ
2026-07-04 21:15:47,917 [INFO] [48] メルカリ検索: 703-07976 PORTER
2026-07-04 21:15:52,519 [INFO] [49] メルカリ検索: 500KG -ART
2026-07-04 21:15:57,313 [INFO] [50] メルカリ検索: 65R14
2026-07-04 21:16:02,215 [INFO] CSV保存: results/ranking_profit_20260704.csv
2026-07-04 21:16:02,217 [INFO] サマリー保存: results/summary_20260704.txt
2026-07-04 21:16:02,491 [INFO] Selenium 終了
2026-07-04 21:16:02,491 [INFO] === スキャン完了 ===
