2026-05-10 21:32:26,788 [INFO] === スキャン開始 ===
2026-05-10 21:32:26,788 [INFO] Yahoo API リクエスト (試行 1/3)
2026-05-10 21:32:27,741 [INFO] 取得件数: 50
2026-05-10 21:32:27,742 [INFO] フィルタ後: 50 件
2026-05-10 21:32:27,742 [INFO] [01] Seleniumなし → メルカリスキップ: ケノン公式 脱毛器 ランキング1位 日本製 光美容器 家庭用
2026-05-10 21:32:27,742 [INFO] [02] Seleniumなし → メルカリスキップ: 法人様限定商品！（個人様対象外です）送料無料！　トヨタ　キャ
2026-05-10 21:32:27,742 [INFO] [03] Seleniumなし → メルカリスキップ: ブラザー家庭用ミシン コンピューターミシン PS202X /
2026-05-10 21:32:27,743 [INFO] [04] Seleniumなし → メルカリスキップ: ポータブル電源 RIVER 2 Pro 768Wh+160W
2026-05-10 21:32:27,743 [INFO] [05] Seleniumなし → メルカリスキップ: 米  令和7年 プレミアム魚沼コシヒカリ「極み」 玄米 30
2026-05-10 21:32:27,743 [INFO] [06] Seleniumなし → メルカリスキップ: 米 30kg 5kg×6袋セット お米 玄米 ゆめぴりか 北
2026-05-10 21:32:27,743 [INFO] [07] Seleniumなし → メルカリスキップ: 羽毛布団 シングル ロング 洗える 掛け布団 冬用 冬 日本
2026-05-10 21:32:27,743 [INFO] [08] Seleniumなし → メルカリスキップ: トゥルースリーパー プレミアム シングル 送料無料 True
2026-05-10 21:32:27,743 [INFO] [09] Seleniumなし → メルカリスキップ: 米 令和7年産 米 お米 10kg×3 はえぬき 玄米30k
2026-05-10 21:32:27,743 [INFO] [10] Seleniumなし → メルカリスキップ: 【1,980〜 12,980円】【国産IC搭載（東芝9T25
2026-05-10 21:32:27,743 [INFO] [11] Seleniumなし → メルカリスキップ: ◆年間ランキング1位◆ ルームランナー MAX16km/h 
2026-05-10 21:32:27,743 [INFO] [12] Seleniumなし → メルカリスキップ: 数量限定販売 令和7年産 秋田県産  ミルキープリンセス 2
2026-05-10 21:32:27,743 [INFO] [13] Seleniumなし → メルカリスキップ: ミシン 初心者 安い ジャノメ JANOME 電動ミシン J
2026-05-10 21:32:27,743 [INFO] [14] Seleniumなし → メルカリスキップ: 大幅値下げ中 クロスバイク 700C シマノ製6段変速 自転
2026-05-10 21:32:27,743 [INFO] [15] Seleniumなし → メルカリスキップ: 除湿機 衣類乾燥 小型 衣類乾燥除湿機 コンプレッサー タン
2026-05-10 21:32:27,743 [INFO] [16] Seleniumなし → メルカリスキップ: デスクトップパソコン 中古 パソコン Microsoft O
2026-05-10 21:32:27,743 [INFO] [17] Seleniumなし → メルカリスキップ: ノートパソコン windows11 MS Office パソ
2026-05-10 21:32:27,743 [INFO] [18] Seleniumなし → メルカリスキップ: 『即日出荷』DUNLOP ダンロップ FORT フォート [
2026-05-10 21:32:27,743 [INFO] [19] Seleniumなし → メルカリスキップ: 米 令和7年産 米 お米 はえぬき 玄米30kg 山形産 白
2026-05-10 21:32:27,743 [INFO] [20] Seleniumなし → メルカリスキップ: カニ 5kg かに ズワイガニ ボイル 特大 蟹 ずわいがに
2026-05-10 21:32:27,743 [INFO] [21] Seleniumなし → メルカリスキップ: ノートパソコン パソコン ノートパソコン Windows11
2026-05-10 21:32:27,743 [INFO] [22] Seleniumなし → メルカリスキップ: 米 30kg 5kg×6袋セット お米 玄米 ななつぼし 北
2026-05-10 21:32:27,743 [INFO] [23] Seleniumなし → メルカリスキップ: ルームランナー MAX8km 電動ルームランナー 家庭用 ウ
2026-05-10 21:32:27,743 [INFO] [24] Seleniumなし → メルカリスキップ: 電動 ルームランナーMAX14km/h ルームランナー 電動
2026-05-10 21:32:27,743 [INFO] [25] Seleniumなし → メルカリスキップ: 最安値に挑戦 二段ベッド 2段ベッド ベッド 耐震 耐荷重3
2026-05-10 21:32:27,743 [INFO] [26] Seleniumなし → メルカリスキップ: ●割引クーポン対象● 車椅子 軽量 コンパクト ケアテックジ
2026-05-10 21:32:27,743 [INFO] [27] Seleniumなし → メルカリスキップ: 【メーカー直送】ヘアビューロン 4D Plus [ストレート
2026-05-10 21:32:27,743 [INFO] [28] Seleniumなし → メルカリスキップ: 大幅値下げ中 ロードバイク 自転車 シマノ製14段変速 70
2026-05-10 21:32:27,743 [INFO] [29] Seleniumなし → メルカリスキップ: 外付けHDD 2TB ハードディスク HDD ポータブル テ
2026-05-10 21:32:27,743 [INFO] [30] Seleniumなし → メルカリスキップ: ポーター ワイズ ロングウォレット 341-01318 吉田
2026-05-10 21:32:27,744 [INFO] [31] Seleniumなし → メルカリスキップ: 米 お米 10kg×3 あきたこまち 玄米30kg 令和7年
2026-05-10 21:32:27,744 [INFO] [32] Seleniumなし → メルカリスキップ: ベビーチェア ハイチェア ビヨンドジュニア オプション買い足
2026-05-10 21:32:27,744 [INFO] [33] Seleniumなし → メルカリスキップ: ノートパソコン ノートPC パソコン  Windows11 
2026-05-10 21:32:27,744 [INFO] [34] Seleniumなし → メルカリスキップ: ランドセル 女の子 おしゃれ かわいい 軽い 大容量  ラン
2026-05-10 21:32:27,744 [INFO] [35] Seleniumなし → メルカリスキップ: 東芝 温水洗浄便座 クリーンウォッシュ SCS-T260 パ
2026-05-10 21:32:27,744 [INFO] [36] Seleniumなし → メルカリスキップ: 敷布団 雲のやすらぎ プレミアム 腰痛  ホワイト 日本製 
2026-05-10 21:32:27,744 [INFO] [37] Seleniumなし → メルカリスキップ: 『即日出荷』DUNLOP ダンロップ 「FORT フォート 
2026-05-10 21:32:27,744 [INFO] [38] Seleniumなし → メルカリスキップ: TAKMO(旧TAKUMIモーターオイル) エンジンオイル 
2026-05-10 21:32:27,744 [INFO] [39] Seleniumなし → メルカリスキップ: ノートパソコン ノートPC Win11 DELL E7270
2026-05-10 21:32:27,744 [INFO] [40] Seleniumなし → メルカリスキップ: 新製品 EcoFlow DELTA 3 Classic ポー
2026-05-10 21:32:27,744 [INFO] [41] Seleniumなし → メルカリスキップ: 電動ルームランナー 10km ランニングマシン ウォーキング
2026-05-10 21:32:27,744 [INFO] [42] Seleniumなし → メルカリスキップ: 子供用自転車 24インチ 男子 男の子 マウンテンバイク 小
2026-05-10 21:32:27,744 [INFO] [43] Seleniumなし → メルカリスキップ: 除湿機 コンプレッサー アイリスオーヤマ コンパクト 7L/
2026-05-10 21:32:27,744 [INFO] [44] Seleniumなし → メルカリスキップ: ゆめぴりか 30kg 5kg×6袋 白米27kg 玄米30k
2026-05-10 21:32:27,744 [INFO] [45] Seleniumなし → メルカリスキップ: ソファー 3人掛け 洗える カバーリング ソファ カウチソフ
2026-05-10 21:32:27,744 [INFO] [46] Seleniumなし → メルカリスキップ: （ SCS-T160S の先代モデル）温水洗浄便座 SCS-
2026-05-10 21:32:27,744 [INFO] [47] Seleniumなし → メルカリスキップ: 人気モデル 新品ノートパソコン 14インチ メモリ12GB 
2026-05-10 21:32:27,744 [INFO] [48] Seleniumなし → メルカリスキップ: ソファー 3人掛け おしゃれ ソファ 北欧 カウチソファ オ
2026-05-10 21:32:27,744 [INFO] [49] Seleniumなし → メルカリスキップ: ポーター ヒート ウォレット 703-07976 二つ折り財
2026-05-10 21:32:27,744 [INFO] [50] Seleniumなし → メルカリスキップ: 二段ベッド 2段ベッド 大人用 子供 頑丈 分割可能 転落防
2026-05-10 21:32:27,747 [INFO] CSV保存: results/ranking_profit_20260510.csv
2026-05-10 21:32:27,747 [INFO] サマリー保存: results/summary_20260510.txt
2026-05-10 21:32:27,747 [INFO] === スキャン完了 ===
2026-05-10 21:33:35,443 [WARNING] メルカリ価格取得0件: ケノン 脱毛器
2026-05-10 21:34:44,646 [INFO] === スキャン開始 ===
2026-05-10 21:34:44,646 [INFO] Yahoo API リクエスト (試行 1/3)
2026-05-10 21:34:44,797 [INFO] 取得件数: 50
2026-05-10 21:34:44,798 [INFO] フィルタ後: 50 件
2026-05-10 21:34:46,132 [INFO] Selenium (headless Chrome) 起動成功
2026-05-10 21:34:46,133 [INFO] [01] メルカリ検索: ケノン公式 脱毛器 ランキング1位 日本
2026-05-10 21:34:51,706 [INFO] [02] メルカリ検索: 08880-14103
2026-05-10 21:34:56,229 [INFO] [03] メルカリ検索: PS202X PS203X
2026-05-10 21:35:00,712 [INFO] [04] メルカリ検索: RIVER 768WH
2026-05-10 21:35:05,195 [INFO] [05] メルカリ検索: 30KG
2026-05-10 21:35:09,567 [INFO] [06] メルカリ検索: 30KG
2026-05-10 21:35:13,944 [INFO] [07] メルカリ検索: 99907316
2026-05-10 21:35:18,394 [INFO] [08] メルカリ検索: TRUE SLEEPER
2026-05-10 21:35:22,809 [INFO] [09] メルカリ検索: 10KG 30KG
2026-05-10 21:35:27,353 [INFO] [10] メルカリ検索: 9T25 USB-C
2026-05-10 21:35:31,692 [INFO] [11] メルカリ検索: MAX16KM
2026-05-10 21:35:36,079 [INFO] [12] メルカリ検索: 20KG
2026-05-10 21:35:40,509 [INFO] [13] メルカリ検索: JANOME JN508DX-2B
2026-05-10 21:35:44,948 [INFO] [14] メルカリ検索: 700C CL266
2026-05-10 21:35:49,363 [INFO] [15] メルカリ検索: CORONA CD-P63A3
2026-05-10 21:35:53,845 [INFO] [16] メルカリ検索: MICROSOFT OFFICE
2026-05-10 21:35:58,382 [INFO] [17] メルカリ検索: WINDOWS11 OFFICE
2026-05-10 21:36:02,209 [INFO] [18] メルカリ検索: DUNLOP FORT
2026-05-10 21:36:06,646 [INFO] [19] メルカリ検索: 30KG
2026-05-10 21:36:11,015 [INFO] [20] メルカリ検索: カニ 5kg かに ズワイガニ ボイル
2026-05-10 21:36:15,460 [INFO] [21] メルカリ検索: WINDOWS11 SSD512GB
2026-05-10 21:36:19,940 [INFO] [22] メルカリ検索: 30KG
2026-05-10 21:36:24,815 [INFO] [23] メルカリ検索: MAX8KM
2026-05-10 21:36:29,176 [INFO] [24] メルカリ検索: MAX14KM BARWING
2026-05-10 21:36:33,524 [INFO] [25] メルカリ検索: 300KG
2026-05-10 21:36:38,010 [INFO] [26] メルカリ検索: CA-10SU
2026-05-10 21:36:42,463 [INFO] [27] メルカリ検索: PLUS
2026-05-10 21:36:47,577 [INFO] [28] メルカリ検索: 700C 700C
2026-05-10 21:36:52,041 [INFO] [29] メルカリ検索: TRANSCEND TS2TSJ25M3S
2026-05-10 21:36:56,529 [INFO] [30] メルカリ検索: 341-01318 PORTER
2026-05-10 21:37:00,942 [INFO] [31] メルカリ検索: 10KG 30KG
2026-05-10 21:37:05,401 [INFO] [32] メルカリ検索: BEYOND JUNIOR
2026-05-10 21:37:09,876 [INFO] [33] メルカリ検索: WINDOWS11 MICROSOFTOFFICE2024
2026-05-10 21:37:14,269 [INFO] [34] メルカリ検索: 0066
2026-05-10 21:37:18,713 [INFO] [35] メルカリ検索: SCS-T260 TOSHIBA
2026-05-10 21:37:23,136 [INFO] [36] メルカリ検索: 17CM
2026-05-10 21:37:27,863 [INFO] [37] メルカリ検索: DUNLOP FORT
2026-05-10 21:37:32,342 [INFO] [38] メルカリ検索: TAKMO TAKUMI
2026-05-10 21:37:37,277 [INFO] [39] メルカリ検索: WIN11 DELL
2026-05-10 21:37:41,729 [INFO] [40] メルカリ検索: ECOFLOW DELTA
2026-05-10 21:37:46,220 [INFO] [41] メルカリ検索: 10KM
2026-05-10 21:37:50,811 [INFO] [42] メルカリ検索: SKD246
2026-05-10 21:38:20,751 [WARNING] メルカリ価格取得0件: SKD246
2026-05-10 21:38:23,258 [INFO]   → メルカリ取得失敗、スキップ: 子供用自転車 24インチ 男子 男の子 マウンテンバイク 小
2026-05-10 21:38:23,258 [INFO] [43] メルカリ検索: 除湿機 コンプレッサー アイリスオーヤマ
2026-05-10 21:38:27,895 [INFO] [44] メルカリ検索: 30KG 27KG
2026-05-10 21:38:31,570 [INFO] [45] メルカリ検索: ソファー 3人掛け 洗える カバーリング
2026-05-10 21:38:36,403 [INFO] [46] メルカリ検索: SCS-T160S SCS-T160
2026-05-10 21:38:40,869 [INFO] [47] メルカリ検索: 12GB SSD128GB
2026-05-10 21:38:45,475 [INFO] [48] メルカリ検索: 90500001
2026-05-10 21:38:49,832 [INFO] [49] メルカリ検索: 703-07976 PORTER
2026-05-10 21:38:54,210 [INFO] [50] メルカリ検索: 500KG -ART
2026-05-10 21:38:58,756 [INFO] CSV保存: results/ranking_profit_20260510.csv
2026-05-10 21:38:58,757 [INFO] サマリー保存: results/summary_20260510.txt
2026-05-10 21:38:59,042 [INFO] Selenium 終了
2026-05-10 21:38:59,042 [INFO] === スキャン完了 ===
