2026-08-31 13:28:02,336 [INFO] === GitHub統合版 スキャン開始 ===
2026-08-31 13:28:02,336 [INFO] Yahoo seller=y-sofmap query=ハンディファン
2026-08-31 13:28:03,507 [INFO]  -> 8 total 8
2026-08-31 13:28:05,508 [INFO] Yahoo seller=y-sofmap query=扇風機
2026-08-31 13:28:06,348 [INFO]  -> 8 total 93
2026-08-31 13:28:08,350 [INFO] Yahoo seller=y-sofmap query=ネッククーラー
2026-08-31 13:28:09,020 [INFO]  -> 1 total 1
2026-08-31 13:28:11,022 [INFO] Yahoo seller=y-sofmap query=サーキュレーター
2026-08-31 13:28:11,865 [INFO]  -> 8 total 27
2026-08-31 13:28:13,866 [INFO] Yahoo seller=y-sofmap query=除湿機
2026-08-31 13:28:14,708 [INFO]  -> 8 total 43
2026-08-31 13:28:16,709 [INFO] Yahoo seller=y-sofmap query=アウトレット
2026-08-31 13:28:17,525 [INFO]  -> 5 total 5
2026-08-31 13:28:19,526 [INFO] Yahoo seller=y-kojima query=ハンディファン
2026-08-31 13:28:20,209 [INFO]  -> 8 total 15
2026-08-31 13:28:22,210 [INFO] Yahoo seller=y-kojima query=扇風機
2026-08-31 13:28:22,940 [INFO]  -> 8 total 252
2026-08-31 13:28:24,941 [INFO] Yahoo seller=y-kojima query=ネッククーラー
2026-08-31 13:28:25,757 [INFO]  -> 8 total 8
2026-08-31 13:28:27,759 [INFO] Yahoo seller=y-kojima query=サーキュレーター
2026-08-31 13:28:28,587 [INFO]  -> 8 total 57
2026-08-31 13:28:30,588 [INFO] Yahoo seller=y-kojima query=除湿機
2026-08-31 13:28:31,270 [INFO]  -> 8 total 76
2026-08-31 13:28:33,272 [INFO] Yahoo seller=y-kojima query=アウトレット
2026-08-31 13:28:33,980 [INFO]  -> 1 total 1
2026-08-31 13:28:35,982 [INFO] 重複排除後 72件
2026-08-31 13:28:35,983 [INFO] 照合対象 30件
2026-08-31 13:28:44,655 [INFO] Selenium 起動 (Yahoo Auction用)
2026-08-31 13:28:44,665 [INFO] [35] SIROCA　ハンディファン ストーングレー　SF-H631HS model=SF-H631HS has_discount=False 0%
2026-08-31 13:28:56,373 [INFO]  -> cons2530 mNone(0) y2530(2) profit315 conflow discount0%
2026-08-31 13:28:56,674 [INFO] [01] サンコネクション 準固体バッテリー搭載 ハンディファン Chib model=SUNMHF-01 has_discount=False 0%
2026-08-31 13:29:05,642 [INFO]  -> cons4378 mNone(0) y4378(2) profit334 conflow discount0%
2026-08-31 13:29:05,943 [INFO] [36] NAKAGAMI　大風量ハンディファン 充電式 台座付 ベージュ model=YNG-LHF200-BE has_discount=False 0%
2026-08-31 13:29:14,866 [INFO]  -> cons2284 mNone(0) y2284(6) profit408 confhigh discount0%
2026-08-31 13:29:15,167 [INFO] [37] ユアサ　折り畳み 5WAYハンディファン パワフル風量　YM-7 model=YM-7020HS-H has_discount=False 0%
2026-08-31 13:29:24,142 [INFO]  -> cons3980 mNone(0) y3980(1) profit330 conflow discount0%
2026-08-31 13:29:24,443 [INFO] [02] SIROCA ハンディファン  ストーングレー SF-H631H model=SF-H631HS has_discount=False 0%
2026-08-31 13:29:33,451 [INFO]  -> cons2530 mNone(0) y2530(2) profit315 conflow discount0%
2026-08-31 13:29:33,751 [INFO] [03] 多摩電子工業 折り畳みハンディファン　オリオンビールコラボモデル model=None has_discount=False 0%
2026-08-31 13:29:35,955 [INFO]  -> consNone mNone(0) yNone(0) profit confnone discount0%
2026-08-31 13:29:36,255 [INFO] [04] 多摩電子工業 折り畳みハンディファン オリオンビールコラボモデル model=None has_discount=False 0%
2026-08-31 13:29:38,457 [INFO]  -> consNone mNone(0) yNone(0) profit confnone discount0%
2026-08-31 13:29:38,758 [INFO] [05] NAKAGAMI 充電式大風量ハンディファン  ベージュ YNG model=YNG-LHF200-BE has_discount=False 0%
2026-08-31 13:29:48,200 [INFO]  -> cons2284 mNone(0) y2284(6) profit408 confhigh discount0%
2026-08-31 13:29:48,500 [INFO] [07] ファンマックスジャパン ハンディクリーナー CellCube C model=CCVC01-BG has_discount=False 0%
2026-08-31 13:29:59,165 [INFO]  -> cons8780 mNone(0) y8780(5) profit-1251 confhigh discount0%
2026-08-31 13:29:59,466 [INFO] [38] SIROCA　ハンディファン サーモンピンク　SF-H631PL model=SF-H631PL has_discount=False 0%
2026-08-31 13:30:08,419 [INFO]  -> cons2508 mNone(0) y2508(3) profit295 confmedium discount0%
2026-08-31 13:30:08,720 [INFO] [39] SIROCA　ハンディファン ティール　SF-H631AG model=SF-H631AG has_discount=False 0%
2026-08-31 13:30:17,699 [INFO]  -> cons2530 mNone(0) y2530(2) profit315 conflow discount0%
2026-08-31 13:30:18,000 [INFO] [40] 多摩電子工業　折りたたみハンディファン オリオンビールコラボモデ model=ACP5-ORW has_discount=False 0%
2026-08-31 13:30:26,926 [INFO]  -> cons2850 m3839(1) y2850(2) profit319 confmedium discount0%
2026-08-31 13:30:27,227 [INFO] [41] 多摩電子工業　折りたたみハンディファン オリオンビールコラボモデ model=ACP5-ORH has_discount=False 0%
2026-08-31 13:30:35,819 [INFO]  -> cons2850 mNone(0) y2850(2) profit319 conflow discount0%
2026-08-31 13:30:36,119 [INFO] [42] SIROCA　冷却プレート付きハンディファン ダークネイビー　S model=SF-H751-AD has_discount=False 0%
2026-08-31 13:30:45,220 [INFO]  -> cons2907 mNone(0) y2907(1) profit319 conflow discount0%
2026-08-31 13:30:45,521 [INFO] [43] ヤマゼン　サーキュレーター扇風機 DCモーター搭載 (省エネタイ model=RLX-MP023-C has_discount=False 0%
2026-08-31 13:30:54,807 [INFO]  -> cons7600 m8682(4) y7600(8) profit918 confhigh discount0%
2026-08-31 13:30:55,108 [INFO] [44] ヤマゼン　扇風機 DCモーター搭載 (省エネタイプ) 自動首振り model=RLX-CP030-C has_discount=False 0%
2026-08-31 13:31:04,177 [INFO]  -> cons6000 m6000(7) y7390(12) profit-522 confhigh discount0%
2026-08-31 13:31:04,478 [INFO] [45] ヤマゼン　サーキュレーター扇風機 DCモーター搭載 (省エネタイ model=RLX-MP023-H has_discount=False 0%
2026-08-31 13:31:13,369 [INFO]  -> cons6980 m8500(1) y6980(2) profit360 confmedium discount0%
2026-08-31 13:31:13,670 [INFO] [46] シィーネット　ハイポジ温度センサーDCリビング扇  ホワイト ( model=CFDH407WH has_discount=False 0%
2026-08-31 13:31:22,818 [INFO]  -> cons777 m777(3) y9980(6) profit-7893 confhigh discount0%
2026-08-31 13:31:23,118 [INFO] [47] ダイソン　dyson　DysonHot＋Cool HF1remo model=HF1REMOTELINKPRE-HEAT has_discount=False 0%
2026-08-31 13:31:32,136 [INFO]  -> cons55500 mNone(0) y55500(4) profit845 confmedium discount0%
2026-08-31 13:31:32,436 [INFO] [48] SIROCA　加湿付き温冷風扇　シロカのなごみ　ホワイト　［リモ model=SH-C252 has_discount=False 0%
2026-08-31 13:31:41,723 [INFO]  -> cons8800 m9250(88) y8800(18) profit-10293 confhigh discount0%
2026-08-31 13:31:42,024 [INFO] [64] ヤマゼン　衣類乾燥除湿機 コンプレッサー方式 7〜14畳目安 上 model=RCD-J60-C has_discount=False 0%
2026-08-31 13:31:50,609 [INFO]  -> cons12250 m12250(14) y19168(6) profit-6711 confhigh discount0%
2026-08-31 13:31:50,910 [INFO] [49] SIROCA　シロカ 壁掛け扇風機 壁掛けふわビューン DCモー model=SF-W251 has_discount=False 0%
2026-08-31 13:32:00,237 [INFO]  -> cons3300 m3300(3) y14052(10) profit-8292 confhigh discount0%
2026-08-31 13:32:00,538 [INFO] [50] SWITCHBOT　スマートサーキュレーターLite ［DCモー model=SWITCHBOT has_discount=False 0%
2026-08-31 13:32:03,385 [INFO]  -> cons3700 m3700(120) yNone(0) profit-6152 confhigh discount0%
2026-08-31 13:32:03,686 [INFO] [59] ライフオンプロダクツ　Modern Collection パネラ model=JE-CF029 has_discount=False 0%
2026-08-31 13:32:12,635 [INFO]  -> cons13000 m13000(2) y32780(10) profit-17184 confhigh discount0%
2026-08-31 13:32:12,936 [INFO] [60] ヤマゼン　サーキュレーター扇風機 DCモーター搭載 (省エネタイ model=RLX-MP023-A has_discount=False 0%
2026-08-31 13:32:21,629 [INFO]  -> cons6980 m7835(2) y6980(1) profit360 confmedium discount0%
2026-08-31 13:32:21,929 [INFO] [61] SIROCA　3Dサーキュレーター扇風機 DCモーター搭載 (省 model=SF-C223-W has_discount=False 0%
2026-08-31 13:32:30,922 [INFO]  -> cons13000 m13000(4) y16800(6) profit-2962 confhigh discount0%
2026-08-31 13:32:31,223 [INFO] [65] シャープ　SHARP　「除湿機用】HEPAフィルター　FZ-D1 model=FZ-D10HF has_discount=False 0%
2026-08-31 13:32:39,922 [INFO]  -> cons3565 m4000(19) y3565(16) profit108 confhigh discount0%
2026-08-31 13:32:40,222 [INFO] [62] シィーネット　サーキュレーター DCモーター搭載 (省エネタイプ model=CCDX310WH has_discount=False 0%
2026-08-31 13:32:48,658 [INFO]  -> cons3500 m3500(1) y7480(1) profit-3217 conflow discount0%
2026-08-31 13:32:48,958 [INFO] [63] カドー　DC除菌サーキュレーター扇風機 クールグレー  (DCモ model=STR-1800F-CG has_discount=False 0%
2026-08-31 13:32:57,959 [INFO]  -> cons23450 m23450(2) y33000(6) profit-7975 confhigh discount0%
2026-08-31 13:32:58,260 [INFO] [66] シャープ　SHARP　「除湿機用】脱臭フィルター　FZ-D10D model=FZ-D10DF has_discount=False 0%
2026-08-31 13:33:06,875 [INFO]  -> cons2970 m6900(26) y2970(16) profit-58 confhigh discount0%
2026-08-31 13:33:07,282 [INFO] CSV results/github_integrated_20260831_1328.csv Summary results/github_integrated_summary_20260831_1328.txt
