2026-09-01 13:05:56,313 [INFO] === GitHub統合版 スキャン開始 ===
2026-09-01 13:05:56,313 [INFO] Yahoo seller=y-sofmap query=ハンディファン
2026-09-01 13:05:57,428 [INFO]  -> 8 total 8
2026-09-01 13:05:59,429 [INFO] Yahoo seller=y-sofmap query=扇風機
2026-09-01 13:06:00,160 [INFO]  -> 8 total 92
2026-09-01 13:06:02,161 [INFO] Yahoo seller=y-sofmap query=ネッククーラー
2026-09-01 13:06:02,763 [INFO]  -> 1 total 1
2026-09-01 13:06:04,764 [INFO] Yahoo seller=y-sofmap query=サーキュレーター
2026-09-01 13:06:05,737 [INFO]  -> 8 total 27
2026-09-01 13:06:07,739 [INFO] Yahoo seller=y-sofmap query=除湿機
2026-09-01 13:06:08,489 [INFO]  -> 8 total 43
2026-09-01 13:06:10,490 [INFO] Yahoo seller=y-sofmap query=アウトレット
2026-09-01 13:06:11,147 [INFO]  -> 5 total 5
2026-09-01 13:06:13,149 [INFO] Yahoo seller=y-kojima query=ハンディファン
2026-09-01 13:06:14,206 [INFO]  -> 8 total 22
2026-09-01 13:06:16,207 [INFO] Yahoo seller=y-kojima query=扇風機
2026-09-01 13:06:16,931 [INFO]  -> 8 total 257
2026-09-01 13:06:18,933 [INFO] Yahoo seller=y-kojima query=ネッククーラー
2026-09-01 13:06:19,684 [INFO]  -> 8 total 8
2026-09-01 13:06:21,685 [INFO] Yahoo seller=y-kojima query=サーキュレーター
2026-09-01 13:06:22,388 [INFO]  -> 8 total 54
2026-09-01 13:06:24,389 [INFO] Yahoo seller=y-kojima query=除湿機
2026-09-01 13:06:25,158 [INFO]  -> 8 total 74
2026-09-01 13:06:27,161 [INFO] Yahoo seller=y-kojima query=アウトレット
2026-09-01 13:06:27,859 [INFO]  -> 1 total 1
2026-09-01 13:06:29,860 [INFO] 重複排除後 74件
2026-09-01 13:06:29,861 [INFO] 照合対象 30件
2026-09-01 13:06:31,797 [INFO] Selenium 起動 (Yahoo Auction用)
2026-09-01 13:06:31,812 [INFO] [36] SIROCA　ハンディファン ストーングレー　SF-H631HS model=SF-H631HS has_discount=False 0%
2026-09-01 13:06:43,748 [INFO]  -> cons2530 mNone(0) y2530(2) profit315 conflow discount0%
2026-09-01 13:06:44,049 [INFO] [01] サンコネクション 準固体バッテリー搭載 ハンディファン Chib model=SUNMHF-01 has_discount=False 0%
2026-09-01 13:06:52,925 [INFO]  -> cons4378 mNone(0) y4378(2) profit334 conflow discount0%
2026-09-01 13:06:53,226 [INFO] [37] NAKAGAMI　大風量ハンディファン 充電式 台座付 ベージュ model=YNG-LHF200-BE has_discount=False 0%
2026-09-01 13:07:01,751 [INFO]  -> cons2284 mNone(0) y2284(6) profit408 confhigh discount0%
2026-09-01 13:07:02,051 [INFO] [38] ユアサ　折り畳み 5WAYハンディファン パワフル風量　YM-7 model=YM-7020HS-H has_discount=False 0%
2026-09-01 13:07:10,966 [INFO]  -> cons3980 mNone(0) y3980(1) profit330 conflow discount0%
2026-09-01 13:07:11,267 [INFO] [02] SIROCA ハンディファン  ストーングレー SF-H631H model=SF-H631HS has_discount=False 0%
2026-09-01 13:07:20,137 [INFO]  -> cons2530 mNone(0) y2530(2) profit315 conflow discount0%
2026-09-01 13:07:20,437 [INFO] [03] NAKAGAMI 充電式大風量ハンディファン  ベージュ YNG model=YNG-LHF200-BE has_discount=False 0%
2026-09-01 13:07:28,807 [INFO]  -> cons2284 mNone(0) y2284(6) profit408 confhigh discount0%
2026-09-01 13:07:29,108 [INFO] [04] 多摩電子工業 折り畳みハンディファン　オリオンビールコラボモデル model=None has_discount=False 0%
2026-09-01 13:07:31,310 [INFO]  -> consNone mNone(0) yNone(0) profit confnone discount0%
2026-09-01 13:07:31,610 [INFO] [05] 多摩電子工業 折り畳みハンディファン オリオンビールコラボモデル model=None has_discount=False 0%
2026-09-01 13:07:33,812 [INFO]  -> consNone mNone(0) yNone(0) profit confnone discount0%
2026-09-01 13:07:34,113 [INFO] [07] ファンマックスジャパン ハンディクリーナー CellCube C model=CCVC01-BG has_discount=False 0%
2026-09-01 13:07:45,037 [INFO]  -> cons8780 mNone(0) y8780(5) profit-1251 confhigh discount0%
2026-09-01 13:07:45,338 [INFO] [39] SIROCA　ハンディファン サーモンピンク　SF-H631PL model=SF-H631PL has_discount=False 0%
2026-09-01 13:07:55,584 [INFO]  -> cons2508 mNone(0) y2508(3) profit295 confmedium discount0%
2026-09-01 13:07:55,885 [INFO] [40] SIROCA　ハンディファン ティール　SF-H631AG model=SF-H631AG has_discount=False 0%
2026-09-01 13:08:04,757 [INFO]  -> cons2530 mNone(0) y2530(2) profit315 conflow discount0%
2026-09-01 13:08:05,057 [INFO] [41] ビックアイデア　クリップファン ハンディファン SEA SIDE model=BIT-CLFAN01 has_discount=False 0%
2026-09-01 13:08:13,567 [INFO]  -> cons1780 mNone(0) y1780(6) profit41 confhigh discount0%
2026-09-01 13:08:13,867 [INFO] [42] ビックアイデア　クリップファン ハンディファン SEA SIDE model=BIT-CLFAN01 has_discount=False 0%
2026-09-01 13:08:22,728 [INFO]  -> cons1780 mNone(0) y1780(6) profit41 confhigh discount0%
2026-09-01 13:08:23,029 [INFO] [43] ビックアイデア　クリップファン ハンディファン SEA SIDE model=BIT-CLFAN01 has_discount=False 0%
2026-09-01 13:08:31,888 [INFO]  -> cons1780 mNone(0) y1780(6) profit41 confhigh discount0%
2026-09-01 13:08:32,188 [INFO] [44] ヤマゼン　サーキュレーター扇風機 DCモーター搭載 (省エネタイ model=RLX-MP023-C has_discount=False 0%
2026-09-01 13:08:41,204 [INFO]  -> cons7600 m8682(4) y7600(8) profit918 confhigh discount0%
2026-09-01 13:08:41,505 [INFO] [45] ヤマゼン　扇風機 DCモーター搭載 (省エネタイプ) 自動首振り model=RLX-CP030-C has_discount=False 0%
2026-09-01 13:08:50,659 [INFO]  -> cons6000 m6000(7) y7390(12) profit-522 confhigh discount0%
2026-09-01 13:08:50,960 [INFO] [46] ヤマゼン　サーキュレーター扇風機 DCモーター搭載 (省エネタイ model=RLX-MP023-H has_discount=False 0%
2026-09-01 13:08:59,834 [INFO]  -> cons6980 m8500(1) y6980(2) profit360 confmedium discount0%
2026-09-01 13:09:00,135 [INFO] [47] ダイソン　dyson　DysonHot＋Cool HF1remo model=HF1REMOTELINKPRE-HEAT has_discount=False 0%
2026-09-01 13:09:08,638 [INFO]  -> cons55500 mNone(0) y55500(4) profit845 confmedium discount0%
2026-09-01 13:09:08,938 [INFO] [48] シィーネット　ハイポジ温度センサーDCリビング扇  ホワイト ( model=CFDH407WH has_discount=False 0%
2026-09-01 13:09:17,612 [INFO]  -> cons777 m777(3) y12740(6) profit-10403 confhigh discount0%
2026-09-01 13:09:17,913 [INFO] [49] SIROCA　加湿付き温冷風扇　シロカのなごみ　ホワイト　［リモ model=SH-C252 has_discount=False 0%
2026-09-01 13:09:26,985 [INFO]  -> cons8800 m9250(88) y8800(18) profit-13132 confhigh discount0%
2026-09-01 13:09:27,286 [INFO] [66] ヤマゼン　衣類乾燥除湿機 コンプレッサー方式 7〜14畳目安 上 model=RCD-J60-C has_discount=False 0%
2026-09-01 13:09:36,170 [INFO]  -> cons12250 m12250(14) y19168(6) profit-6711 confhigh discount0%
2026-09-01 13:09:36,470 [INFO] [50] SIROCA　シロカ 壁掛け扇風機 壁掛けふわビューン DCモー model=SF-W251 has_discount=False 0%
2026-09-01 13:09:45,195 [INFO]  -> cons3300 m3300(3) y14052(10) profit-8292 confhigh discount0%
2026-09-01 13:09:45,496 [INFO] [51] シィーネット　3D扇風機 DCモーター搭載 (省エネタイプ) 自 model=CFDU704WH has_discount=False 0%
2026-09-01 13:09:54,045 [INFO]  -> cons7808 m7808(3) y8740(16) profit-230 confhigh discount0%
2026-09-01 13:09:54,346 [INFO] [60] SWITCHBOT　スマートサーキュレーターLite ［DCモー model=SWITCHBOT has_discount=False 0%
2026-09-01 13:09:57,160 [INFO]  -> cons3800 m3800(120) yNone(0) profit-6062 confhigh discount0%
2026-09-01 13:09:57,461 [INFO] [61] ライフオンプロダクツ　Modern Collection パネラ model=JE-CF029 has_discount=False 0%
2026-09-01 13:10:06,663 [INFO]  -> cons13000 m13000(2) y32780(10) profit-17184 confhigh discount0%
2026-09-01 13:10:06,964 [INFO] [62] ヤマゼン　サーキュレーター扇風機 DCモーター搭載 (省エネタイ model=RLX-MP023-A has_discount=False 0%
2026-09-01 13:10:16,075 [INFO]  -> cons6980 m7835(2) y6980(1) profit360 confmedium discount0%
2026-09-01 13:10:16,376 [INFO] [63] SIROCA　3Dサーキュレーター扇風機 DCモーター搭載 (省 model=SF-C223-W has_discount=False 0%
2026-09-01 13:10:24,950 [INFO]  -> cons13000 m13000(4) y16800(6) profit-2962 confhigh discount0%
2026-09-01 13:10:25,251 [INFO] [67] シャープ　SHARP　「除湿機用】HEPAフィルター　FZ-D1 model=FZ-D10HF has_discount=False 0%
2026-09-01 13:10:34,063 [INFO]  -> cons3500 m4000(19) y3500(10) profit-782 confhigh discount0%
2026-09-01 13:10:34,363 [INFO] [64] カドー　DC除菌サーキュレーター扇風機 クールグレー  (DCモ model=STR-1800F-CG has_discount=False 0%
2026-09-01 13:10:43,527 [INFO]  -> cons23450 m23450(2) y33000(6) profit-7975 confhigh discount0%
2026-09-01 13:10:43,828 [INFO] [65] カドー　除菌サーキュレーター STREAM1800 [DCモータ model=STR-1800-WH has_discount=False 0%
2026-09-01 13:10:52,734 [INFO]  -> cons13250 m13250(10) y31460(6) profit-14414 confhigh discount0%
2026-09-01 13:10:53,137 [INFO] CSV results/github_integrated_20260901_1305.csv Summary results/github_integrated_summary_20260901_1305.txt
